###############################################################################
#
# IAR ELF Linker V3.10.1.201 for STM8                     12/May/2018  22:17:49
# Copyright 2010-2017 IAR Systems AB.
#
#    Output file  =  
#        E:\Project\PT100温度测量仪\Thermograph-PT100\Program\IAR\Debug\Exe\Thermograph-PT100.out
#    Map file     =  
#        E:\Project\PT100温度测量仪\Thermograph-PT100\Program\IAR\Debug\List\Thermograph-PT100.map
#    Command line =  
#        -f C:\Users\shexk\AppData\Local\Temp\EWB1F6.tmp
#        (E:\Project\PT100温度测量仪\Thermograph-PT100\Program\IAR\Debug\Obj\Main.o
#        E:\Project\PT100温度测量仪\Thermograph-PT100\Program\IAR\Debug\Obj\Seg.o
#        E:\Project\PT100温度测量仪\Thermograph-PT100\Program\IAR\Debug\Obj\stm8l15x_clk.o
#        E:\Project\PT100温度测量仪\Thermograph-PT100\Program\IAR\Debug\Obj\stm8l15x_gpio.o
#        E:\Project\PT100温度测量仪\Thermograph-PT100\Program\IAR\Debug\Obj\stm8l15x_itc.o
#        E:\Project\PT100温度测量仪\Thermograph-PT100\Program\IAR\Debug\Obj\stm8l15x_tim2.o
#        E:\Project\PT100温度测量仪\Thermograph-PT100\Program\IAR\Debug\Obj\TM7705.o
#        --redirect _Printf=_PrintfSmall --redirect _Scanf=_ScanfSmall -o
#        E:\Project\PT100温度测量仪\Thermograph-PT100\Program\IAR\Debug\Exe\Thermograph-PT100.out
#        --map
#        E:\Project\PT100温度测量仪\Thermograph-PT100\Program\IAR\Debug\List\Thermograph-PT100.map
#        --config D:\Work\IAR\STM8\stm8\config\lnkstm8l151k4.icf --config_def
#        _CSTACK_SIZE=0x100 --config_def _HEAP_SIZE=0x100 --entry
#        __iar_program_start --debug_lib)
#
###############################################################################

*******************************************************************************
*** RUNTIME MODEL ATTRIBUTES
***

__SystemLibrary            = DLib
__code_model               = small
__core                     = stm8
__data_model               = medium
__dlib_file_descriptor     = 0
__dlib_full_locale_support = 0
__rt_version               = 4


*******************************************************************************
*** PLACEMENT SUMMARY
***

"A0":  place at start of [0x000000-0x0000ff] { rw section .vregs };
"A1":  place at end of [0x000000-0x0007ff] { block CSTACK };
"P2":  place in [from 0x000000 to 0x0007ff] {
          block HEAP, rw section __DLIB_PERTHREAD, rw section .far.bss,
          rw section .far.data, rw section .far.noinit,
          rw section .far_func.textrw, rw section .huge.bss,
          rw section .huge.data, rw section .huge.noinit,
          rw section .huge_func.textrw, rw section .iar.dynexit,
          rw section .near.bss, rw section .near.data, rw section .near.noinit,
          rw section .near_func.textrw };
"A2":  place at start of [0x008000-0x00bfff] { block INTVEC };
"P3":  place in [from 0x008000 to 0x00bfff] {
          ro section __DLIB_PERTHREAD_init, ro section .far.data_init,
          ro section .far_func.textrw_init, ro section .huge.data_init,
          ro section .huge_func.textrw_init, ro section .iar.init_table,
          ro section .init_array, ro section .near.data_init,
          ro section .near.rodata, ro section .near_func.text,
          ro section .near_func.textrw_init, ro section .tiny.data_init,
          ro section .tiny.rodata_init };
"P4":  place in [from 0x008000 to 0x00bfff] {
          ro section .far.rodata, ro section .far_func.text };
"P5":  place in [from 0x008000 to 0x00bfff] {
          ro section .huge.rodata, ro section .huge_func.text };
do not initialize {
   rw section .eeprom.noinit, rw section .far.noinit, rw section .huge.noinit,
   rw section .near.noinit, rw section .tiny.noinit, rw section .vregs };
initialize by copy {
   rw section .far.bss, rw section .far.data, rw section .far_func.textrw,
   rw section .huge.bss, rw section .huge.data, rw section .huge_func.textrw,
   rw section .iar.dynexit, rw section .near.bss, rw section .near.data,
   rw section .near_func.textrw, rw section .tiny.bss, rw section .tiny.data,
   ro section .tiny.rodata };

  Section            Kind      Address   Size  Object
  -------            ----      -------   ----  ------
"A0":                                     0xc
  .vregs             uninit   0x000000    0xc  vregs.o [4]
                            - 0x00000c    0xc

"P2":                                     0x7
  P2-1                        0x00000c    0x7  <Init block>
    .near.data       inited   0x00000c    0x4  Seg.o [1]
    .near.bss        inited   0x000010    0x1  Seg.o [1]
    .near.bss        inited   0x000011    0x2  TM7705.o [1]
                            - 0x000013    0x7

"A1":                                   0x100
  CSTACK                      0x000700  0x100  <Block>
    CSTACK           uninit   0x000700  0x100  <Block tail>
                            - 0x000800  0x100

"A2":                                    0x80
  INTVEC                      0x008000   0x80  <Block>
    .intvec          const    0x008000   0x80  interrupt.o [4]
                            - 0x008080   0x80

"P3-P5":                                0x68d
  .near_func.text    ro code  0x008080  0x113  stm8l15x_itc.o [1]
  .near_func.text    ro code  0x008193   0xa3  long.o [4]
  .near_func.text    ro code  0x008236   0x8e  stm8l15x_gpio.o [1]
  .near_func.text    ro code  0x0082c4   0x8a  vreg_util.o [4]
  .near_func.text    ro code  0x00834e   0x89  stm8l15x_clk.o [1]
  .near_func.text    ro code  0x0083d7   0x79  Seg.o [1]
  .near_func.text    ro code  0x008450   0x5b  TM7705.o [1]
  .near_func.text    ro code  0x0084ab   0x57  TM7705.o [1]
  .near_func.text    ro code  0x008502   0x4e  TM7705.o [1]
  .near_func.text    ro code  0x008550   0x44  Seg.o [1]
  .near_func.text    ro code  0x008594   0x28  init_small.o [4]
  .near_func.text    ro code  0x0085bc   0x24  stm8l15x_tim2.o [1]
  .near_func.text    ro code  0x0085e0   0x22  Main.o [1]
  .iar.init_table    const    0x008602    0xa  - Linker created -
  .near_func.text    ro code  0x00860c   0x1f  Main.o [1]
  .near_func.text    ro code  0x00862b   0x1a  stm8l15x_tim2.o [1]
  .near_func.text    ro code  0x008645   0x14  init.o [4]
  .near_func.text    ro code  0x008659   0x14  __dbg_xxexit.o [3]
  .near_func.text    ro code  0x00866d   0x13  cstartup.o [4]
  .near_func.text    ro code  0x008680    0xe  stm8l15x_tim2.o [1]
  .near_func.text    ro code  0x00868e    0xd  stm8l15x_tim2.o [1]
  .near_func.text    ro code  0x00869b    0xb  stm8l15x_tim2.o [1]
  .near_func.text    ro code  0x0086a6    0xb  dc_util.o [4]
  .near.rodata       const    0x0086b1    0xa  Seg.o [1]
  .near_func.text    ro code  0x0086bb    0xa  stm8l15x_clk.o [1]
  .near_func.text    ro code  0x0086c5    0x9  Main.o [1]
  .near_func.text    ro code  0x0086ce    0x8  short.o [4]
  .near_func.text    ro code  0x0086d6    0x7  stm8l15x_gpio.o [1]
  .near_func.text    ro code  0x0086dd    0x7  stm8l15x_gpio.o [1]
  Initializer bytes  const    0x0086e4    0x7  <for P2-1>
  .near_func.text    ro code  0x0086eb    0x6  Main.o [1]
  .near_func.text    ro code  0x0086f1    0x5  cexit.o [4]
  .near_func.text    ro code  0x0086f6    0x4  stm8l15x_clk.o [1]
  .near_func.text    ro code  0x0086fa    0x4  stm8l15x_gpio.o [1]
  .near_func.text    ro code  0x0086fe    0x3  interrupt.o [4]
  .near_func.text    ro code  0x008701    0x3  low_level_init.o [4]
  .near_func.text    ro code  0x008704    0x3  exit.o [4]
  .near_func.text    ro code  0x008707    0x3  unhandled_exception.o [4]
  .near_func.text    ro code  0x00870a    0x2  stm8l15x_gpio.o [1]
  .near_func.text    ro code  0x00870c    0x1  __dbg_break.o [3]
                            - 0x00870d  0x68d


*******************************************************************************
*** INIT TABLE
***

          Address   Size
          -------   ----
Copy (__iar_copy_init2)
    1 source range, total size 0x7:
          0x0086e4   0x7
    1 destination range, total size 0x7:
          0x00000c   0x7



*******************************************************************************
*** MODULE SUMMARY
***

    Module                 ro code  ro data  rw data
    ------                 -------  -------  -------
E:\Project\PT100温度测量仪\Thermograph-PT100\Program\IAR\Debug\Obj: [1]
    Main.o                      80
    Seg.o                      189       15        5
    TM7705.o                   256        2        2
    stm8l15x_clk.o             151
    stm8l15x_gpio.o            162
    stm8l15x_itc.o             275
    stm8l15x_tim2.o            100
    ------------------------------------------------
    Total:                   1 213       17        7

command line: [2]
    ------------------------------------------------
    Total:

dbgstm8smd.a: [3]
    __dbg_break.o                1
    __dbg_xxexit.o              20
    ------------------------------------------------
    Total:                      21

dlstm8smn.a: [4]
    cexit.o                      5
    cstartup.o                  19
    dc_util.o                   11
    exit.o                       3
    init.o                      20
    init_small.o                40
    interrupt.o                  3      128
    long.o                     163
    low_level_init.o             3
    short.o                      8
    unhandled_exception.o        3
    vreg_util.o                138
    vregs.o                                       12
    ------------------------------------------------
    Total:                     416      128       12

    Linker created                       10      256
----------------------------------------------------
    Grand Total:             1 650      155      275


*******************************************************************************
*** ENTRY LIST
***

Entry                    Address   Size  Type      Object
-----                    -------   ----  ----      ------
.iar.init_table$$Base   0x008602          --   Gb  - Linker created -
.iar.init_table$$Limit  0x00860c          --   Gb  - Linker created -
?b0                     0x000000         Data  Gb  vregs.o [4]
?b1                     0x000001         Data  Gb  vregs.o [4]
?b10                    0x00000a         Data  Gb  vregs.o [4]
?b11                    0x00000b         Data  Gb  vregs.o [4]
?b2                     0x000002         Data  Gb  vregs.o [4]
?b3                     0x000003         Data  Gb  vregs.o [4]
?b4                     0x000004         Data  Gb  vregs.o [4]
?b5                     0x000005         Data  Gb  vregs.o [4]
?b6                     0x000006         Data  Gb  vregs.o [4]
?b7                     0x000007         Data  Gb  vregs.o [4]
?b8                     0x000008         Data  Gb  vregs.o [4]
?b9                     0x000009         Data  Gb  vregs.o [4]
?dc32_px                0x0086a6         Code  Gb  dc_util.o [4]
?dec32_0x_0x            0x008198         Code  Gb  long.o [4]
?dec32_l0_l0            0x008193         Code  Gb  long.o [4]
?e0                     0x000001         Data  Gb  vregs.o [4]
?e1                     0x000005         Data  Gb  vregs.o [4]
?e2                     0x000009         Data  Gb  vregs.o [4]
?epilogue_w4            0x008330         Code  Gb  vreg_util.o [4]
?l0                     0x000000         Data  Gb  vregs.o [4]
?l1                     0x000004         Data  Gb  vregs.o [4]
?l2                     0x000008         Data  Gb  vregs.o [4]
?mov_e0_e1              0x008337         Code  Gb  vreg_util.o [4]
?mov_e1_e0              0x008344         Code  Gb  vreg_util.o [4]
?mov_l0_l1              0x008334         Code  Gb  vreg_util.o [4]
?mov_l1_l0              0x008341         Code  Gb  vreg_util.o [4]
?mov_w1_w3              0x00833a         Code  Gb  vreg_util.o [4]
?mov_w3_w1              0x008347         Code  Gb  vreg_util.o [4]
?mul32_l0_l0_0x         0x0081af         Code  Gb  long.o [4]
?mul32_l0_l0_dl         0x0081ac         Code  Gb  long.o [4]
?mul32_l0_l0_l1         0x0081b8         Code  Gb  long.o [4]
?pop_l0                 0x008312         Code  Gb  vreg_util.o [4]
?pop_l1                 0x00831d         Code  Gb  vreg_util.o [4]
?pop_w4                 0x0082dc         Code  Gb  vreg_util.o [4]
?push_l0                0x0082eb         Code  Gb  vreg_util.o [4]
?push_l1                0x0082f0         Code  Gb  vreg_util.o [4]
?push_w4                0x0082c4         Code  Gb  vreg_util.o [4]
?sll16_x_x_a            0x0086ce         Code  Gb  short.o [4]
?w0                     0x000000         Data  Gb  vregs.o [4]
?w1                     0x000002         Data  Gb  vregs.o [4]
?w2                     0x000004         Data  Gb  vregs.o [4]
?w3                     0x000006         Data  Gb  vregs.o [4]
?w4                     0x000008         Data  Gb  vregs.o [4]
?w5                     0x00000a         Data  Gb  vregs.o [4]
CLK_CCOConfig           0x0086bb    0xa  Code  Gb  stm8l15x_clk.o [1]
CLK_PeripheralClockConfig
                        0x00834e   0x89  Code  Gb  stm8l15x_clk.o [1]
CLK_SYSCLKDivConfig     0x0086f6    0x4  Code  Gb  stm8l15x_clk.o [1]
CSTACK$$Base            0x000700          --   Gb  - Linker created -
CSTACK$$Limit           0x000800          --   Gb  - Linker created -
Clock_Init              0x0085e0   0x22  Code  Gb  Main.o [1]
Delay                   0x00860c   0x1f  Code  Gb  Main.o [1]
GPIO_Init               0x008236   0x8e  Code  Gb  stm8l15x_gpio.o [1]
GPIO_ReadInputDataBit   0x0086dd    0x7  Code  Gb  stm8l15x_gpio.o [1]
GPIO_ResetBits          0x0086fa    0x4  Code  Gb  stm8l15x_gpio.o [1]
GPIO_SetBits            0x0086d6    0x7  Code  Gb  stm8l15x_gpio.o [1]
GPIO_Write              0x00870a    0x2  Code  Gb  stm8l15x_gpio.o [1]
INTVEC$$Base            0x008000          --   Gb  - Linker created -
INTVEC$$Limit           0x008080          --   Gb  - Linker created -
ITC_SetSoftwarePriority
                        0x008080  0x113  Code  Gb  stm8l15x_itc.o [1]
Init                    0x0086c5    0x9  Code  Gb  Main.o [1]
Read_Data               0x0084ab   0x57  Code  Gb  TM7705.o [1]
Region$$Table$$Base     0x008602          --   Gb  - Linker created -
Region$$Table$$Limit    0x00860c          --   Gb  - Linker created -
Seg_Data                0x00000c    0x4  Data  Gb  Seg.o [1]
Seg_Gpio_Init           0x008576   0x18  Code  Gb  Seg.o [1]
Seg_Init                0x00858e    0x6  Code  Gb  Seg.o [1]
Seg_Tim2_Init           0x008550   0x26  Code  Gb  Seg.o [1]
Seg_Tim_Base            0x0083d7   0x79  Code  Gb  Seg.o [1]
Seg_Tim_Base::seg_wei   0x000010    0x1  Data  Lc  Seg.o [1]
Send_Cmd                0x008450   0x5b  Code  Gb  TM7705.o [1]
TIM2_ClearFlag          0x00869b    0xb  Code  Gb  stm8l15x_tim2.o [1]
TIM2_Cmd                0x00868e    0xd  Code  Gb  stm8l15x_tim2.o [1]
TIM2_ITConfig           0x00862b   0x1a  Code  Gb  stm8l15x_tim2.o [1]
TIM2_TimeBaseInit       0x0085bc   0x24  Code  Gb  stm8l15x_tim2.o [1]
TIM2_UpdateRequestConfig
                        0x008680    0xe  Code  Gb  stm8l15x_tim2.o [1]
TM7705_Init             0x008502   0x4e  Code  Gb  TM7705.o [1]
__DebugBreak            0x00870c    0x1  Code  Gb  __dbg_break.o [3]
__exit                  0x008659   0x14  Code  Gb  __dbg_xxexit.o [3]
__iar_copy_init2        0x008594         Code  Gb  init_small.o [4]
__iar_data_init2        0x008645   0x14  Code  Gb  init.o [4]
__iar_program_start     0x00866d         Code  Gb  cstartup.o [4]
__iar_unhandled_exception
                        0x008707         Code  Gb  unhandled_exception.o [4]
__intvec                0x008000         Data  Gb  interrupt.o [4]
__low_level_init        0x008701    0x3  Code  Gb  low_level_init.o [4]
_exit                   0x0086f1         Code  Gb  cexit.o [4]
_interrupt_21           0x0083d7         Code  Gb  Seg.o [1]
a                       0x000011    0x2  Data  Gb  TM7705.o [1]
exit                    0x008704    0x3  Code  Gb  exit.o [4]
main                    0x0086eb    0x6  Code  Gb  Main.o [1]
seg_duan                0x0086b1    0xa  Data  Gb  Seg.o [1]


[1] = E:\Project\PT100温度测量仪\Thermograph-PT100\Program\IAR\Debug\Obj
[2] = command line
[3] = dbgstm8smd.a
[4] = dlstm8smn.a

  1 650 bytes of readonly  code memory
    155 bytes of readonly  data memory
    275 bytes of readwrite data memory

Errors: none
Warnings: none
